0 0 0
1 1 1
0 0 0
false
textures/nichi.jpg
0 1 0
1 1 1
0 0 0
false
textures/nichi.jpg
0 2 0
1 1 1
0 0 0
false
textures/nichi.jpg
0 3 0
1 1 1
0 0 0
false
textures/nichi.jpg
0 4 0
1 1 1
0 0 0
false
textures/nichi.jpg
0 4 1
1 1 1
0 0 0
false
textures/do.jpg
0 4 2
1 1 1
0 0 0
false
textures/do.jpg
0 4 3
1 1 1
0 0 0
false
textures/ka.jpg
0 5 0
1 1 1
0 0 0
false
textures/nichi.jpg
0 5 1
1 1 1
0 0 0
false
textures/do.jpg
0 5 2
1 1 1
0 0 0
false
textures/do.jpg
0 5 3
1 1 1
0 0 0
false
textures/ka.jpg
0 6 0
1 1 1
0 0 0
false
textures/nichi.jpg
0 6 1
1 1 1
0 0 0
false
textures/do.jpg
0 6 2
1 1 1
0 0 0
false
textures/do.jpg
0 6 3
1 1 1
0 0 0
false
textures/ka.jpg
0 7 0
1 1 1
0 0 0
false
textures/nichi.jpg
0 7 1
1 1 1
0 0 0
false
textures/do.jpg
0 7 2
1 1 1
0 0 0
false
textures/do.jpg
0 7 3
1 1 1
0 0 0
false
textures/ka.jpg
0 7 8
1 1 1
0 0 0
false
textures/nichi.jpg
0 8 0
1 1 1
0 0 0
false
textures/nichi.jpg
0 8 1
1 1 1
0 0 0
false
textures/do.jpg
0 8 2
1 1 1
0 0 0
false
textures/do.jpg
0 8 3
1 1 1
0 0 0
false
textures/do.jpg
0 8 8
1 1 1
0 0 0
false
textures/nichi.jpg
0 8 9
1 1 1
0 0 0
false
textures/nichi.jpg
0 9 0
1 1 1
0 0 0
false
textures/nichi.jpg
0 9 1
1 1 1
0 0 0
false
textures/do.jpg
0 9 2
1 1 1
0 0 0
false
textures/do.jpg
0 9 3
1 1 1
0 0 0
false
textures/do.jpg
0 9 4
1 1 1
0 0 0
false
textures/nichi.jpg
0 9 6
1 1 1
0 0 0
false
textures/nichi.jpg
0 9 7
1 1 1
0 0 0
false
textures/nichi.jpg
0 9 8
1 1 1
0 0 0
false
textures/nichi.jpg
0 10 0
1 1 1
0 0 0
false
textures/nichi.jpg
0 10 1
1 1 1
0 0 0
false
textures/do.jpg
0 10 2
1 1 1
0 0 0
false
textures/do.jpg
0 10 3
1 1 1
0 0 0
false
textures/do.jpg
0 10 5
1 1 1
0 0 0
false
textures/nichi.jpg
0 10 6
1 1 1
0 0 0
false
textures/nichi.jpg
0 10 7
1 1 1
0 0 0
false
textures/nichi.jpg
0 10 8
1 1 1
0 0 0
false
textures/nichi.jpg
0 11 0
1 1 1
0 0 0
false
textures/nichi.jpg
0 11 1
1 1 1
0 0 0
false
textures/do.jpg
0 11 2
1 1 1
0 0 0
false
textures/do.jpg
0 11 3
1 1 1
0 0 0
false
textures/do.jpg
0 11 4
1 1 1
0 0 0
false
textures/nichi.jpg
0 11 5
1 1 1
0 0 0
false
textures/nichi.jpg
0 11 6
1 1 1
0 0 0
false
textures/nichi.jpg
0 11 7
1 1 1
0 0 0
false
textures/nichi.jpg
0 11 8
1 1 1
0 0 0
false
textures/nichi.jpg
0 12 0
1 1 1
0 0 0
false
textures/nichi.jpg
0 12 1
1 1 1
0 0 0
false
textures/do.jpg
0 12 2
1 1 1
0 0 0
false
textures/do.jpg
0 12 3
1 1 1
0 0 0
false
textures/nichi.jpg
0 12 4
1 1 1
0 0 0
false
textures/nichi.jpg
0 12 5
1 1 1
0 0 0
false
textures/nichi.jpg
0 12 6
1 1 1
0 0 0
false
textures/nichi.jpg
0 12 7
1 1 1
0 0 0
false
textures/nichi.jpg
0 13 0
1 1 1
0 0 0
false
textures/nichi.jpg
0 13 1
1 1 1
0 0 0
false
textures/do.jpg
0 13 2
1 1 1
0 0 0
false
textures/do.jpg
0 13 3
1 1 1
0 0 0
false
textures/do.jpg
0 13 4
1 1 1
0 0 0
false
textures/nichi.jpg
0 13 5
1 1 1
0 0 0
false
textures/nichi.jpg
0 13 6
1 1 1
0 0 0
false
textures/nichi.jpg
0 14 0
1 1 1
0 0 0
false
textures/nichi.jpg
0 14 1
1 1 1
0 0 0
false
textures/do.jpg
0 14 2
1 1 1
0 0 0
false
textures/do.jpg
0 14 3
1 1 1
0 0 0
false
textures/do.jpg
0 14 12
1 1 1
0 0 0
false
textures/getsu.jpg
1 0 0
1 1 1
0 0 0
false
textures/do.jpg
1 0 5
1 1 1
0 0 0
false
textures/sui.jpg
1 1 0
1 1 1
0 0 0
false
textures/nichi.jpg
1 2 0
1 1 1
0 0 0
false
textures/nichi.jpg
1 3 0
1 1 1
0 0 0
false
textures/nichi.jpg
1 4 2
1 1 1
0 0 0
false
textures/do.jpg
1 5 2
1 1 1
0 0 0
false
textures/do.jpg
1 6 2
1 1 1
0 0 0
false
textures/do.jpg
1 7 2
1 1 1
0 0 0
false
textures/do.jpg
1 8 2
1 1 1
0 0 0
false
textures/do.jpg
1 8 3
4 4 4
0 0 0
true
wyos.png
1 8 8
1 1 1
0 0 0
false
textures/nichi.jpg
1 9 2
1 1 1
0 0 0
false
textures/do.jpg
1 9 7
1 1 1
0 0 0
false
textures/nichi.jpg
1 10 0
1 1 1
0 0 0
false
textures/nichi.jpg
1 10 2
1 1 1
0 0 0
false
textures/do.jpg
1 10 7
1 1 1
0 0 0
false
textures/nichi.jpg
1 11 0
1 1 1
0 0 0
false
textures/nichi.jpg
1 11 2
1 1 1
0 0 0
false
textures/do.jpg
1 11 3
1 1 1
0 0 0
false
textures/blue2.png
1 11 5
1 1 1
0 0 0
false
textures/nichi.jpg
1 11 6
1 1 1
0 0 0
false
textures/nichi.jpg
1 11 7
1 1 1
0 0 0
false
textures/nichi.jpg
1 12 0
1 1 1
0 0 0
false
textures/nichi.jpg
1 12 1
1 1 1
0 0 0
false
textures/yellow1.png
1 12 2
1 1 1
0 0 0
false
textures/do.jpg
1 12 4
1 1 1
0 0 0
false
textures/nichi.jpg
1 12 5
1 1 1
0 0 0
false
textures/nichi.jpg
1 12 6
1 1 1
0 0 0
false
textures/nichi.jpg
1 13 0
1 1 1
0 0 0
false
textures/nichi.jpg
1 13 2
1 1 1
0 0 0
false
textures/do.jpg
1 14 0
1 1 1
0 0 0
false
textures/nichi.jpg
1 14 2
1 1 1
0 0 0
false
textures/do.jpg
2 0 0
1 1 1
0 0 0
false
textures/do.jpg
2 0 5
1 1 1
0 0 0
false
textures/sui.jpg
2 4 6
1 1 1
0 0 0
false
textures/yellow1.png
2 4 7
1 1 1
0 0 0
false
textures/yellow1.png
2 4 8
1 1 1
0 0 0
false
textures/yellow1.png
2 4 11
1 1 1
0 0 0
false
textures/yellow1.png
2 7 5
1 1 1
0 0 0
false
textures/nichi.jpg
2 10 4
1 1 1
0 0 0
false
textures/moku.jpg
2 13 8
1 1 1
0 0 0
false
textures/getsu.jpg
2 14 0
1 1 1
0 0 0
false
textures/ka.jpg
2 14 3
1 1 1
0 0 0
false
textures/sui.jpg
2 14 4
1 1 1
0 0 0
false
textures/do.jpg
2 14 8
1 1 1
0 0 0
false
textures/getsu.jpg
2 14 9
1 1 1
0 0 0
false
textures/getsu.jpg
2 14 10
1 1 1
0 0 0
false
textures/getsu.jpg
3 0 0
1 1 1
0 0 0
false
textures/do.jpg
3 0 5
1 1 1
0 0 0
false
textures/sui.jpg
3 3 6
1 1 1
0 0 0
false
textures/yellow1.png
3 3 7
1 1 1
0 0 0
false
textures/yellow1.png
3 3 8
1 1 1
0 0 0
false
textures/yellow1.png
3 3 11
1 1 1
0 0 0
false
textures/yellow1.png
3 4 5
1 1 1
0 0 0
false
textures/yellow1.png
3 4 6
1 1 1
0 0 0
false
textures/yellow1.png
3 4 8
1 1 1
0 0 0
false
textures/yellow1.png
3 4 11
1 1 1
0 0 0
false
textures/yellow1.png
3 4 12
1 1 1
0 0 0
false
textures/yellow1.png
3 5 2
1 1 1
0 0 0
false
textures/red1.png
3 5 5
1 1 1
0 0 0
false
textures/yellow1.png
3 5 6
1 1 1
0 0 0
false
textures/yellow1.png
3 5 11
1 1 1
0 0 0
false
textures/yellow1.png
3 6 2
1 1 1
0 0 0
false
textures/red1.png
3 7 2
1 1 1
0 0 0
false
textures/ka.jpg
3 7 5
1 1 1
0 0 0
false
textures/sui.jpg
3 8 8
1 1 1
0 0 0
false
textures/yellow1.png
3 9 4
1 1 1
0 0 0
false
textures/moku.jpg
3 10 2
1 1 1
0 0 0
false
textures/sui.jpg
3 10 3
1 1 1
0 0 0
false
textures/moku.jpg
3 10 4
1 1 1
0 0 0
false
textures/moku.jpg
3 10 5
1 1 1
0 0 0
false
textures/moku.jpg
3 11 4
1 1 1
0 0 0
false
textures/moku.jpg
3 13 2
1 1 1
0 0 0
false
textures/sui.jpg
3 13 7
1 1 1
0 0 0
false
textures/getsu.jpg
3 13 8
1 1 1
0 0 0
false
textures/getsu.jpg
3 13 9
1 1 1
0 0 0
false
textures/getsu.jpg
3 13 10
1 1 1
0 0 0
false
textures/getsu.jpg
3 14 2
1 1 1
0 0 0
false
textures/kin.jpg
3 14 7
1 1 1
0 0 0
false
textures/getsu.jpg
3 14 8
1 1 1
0 0 0
false
textures/getsu.jpg
3 14 9
1 1 1
0 0 0
false
textures/getsu.jpg
3 14 10
1 1 1
0 0 0
false
textures/getsu.jpg
4 0 0
1 1 1
0 0 0
false
textures/do.jpg
4 0 1
1 1 1
0 0 0
false
textures/sui.jpg
4 0 2
1 1 1
0 0 0
false
textures/sui.jpg
4 0 3
1 1 1
0 0 0
false
textures/sui.jpg
4 0 4
1 1 1
0 0 0
false
textures/sui.jpg
4 0 5
1 1 1
0 0 0
false
textures/sui.jpg
4 1 12
1 1 1
0 0 0
false
textures/getsu.jpg
4 3 11
1 1 1
0 0 0
false
textures/yellow1.png
4 4 2
1 1 1
0 0 0
false
textures/red1.png
4 4 8
1 1 1
0 0 0
false
textures/yellow1.png
4 4 10
1 1 1
0 0 0
false
textures/yellow1.png
4 4 11
1 1 1
0 0 0
false
textures/yellow1.png
4 4 12
1 1 1
0 0 0
false
textures/yellow1.png
4 5 2
1 1 1
0 0 0
false
textures/red1.png
4 5 3
1 1 1
0 0 0
false
textures/red1.png
4 5 4
1 1 1
0 0 0
false
textures/yellow1.png
4 5 5
1 1 1
0 0 0
false
textures/yellow1.png
4 5 6
1 1 1
0 0 0
false
textures/yellow1.png
4 5 10
1 1 1
0 0 0
false
textures/yellow1.png
4 5 11
1 1 1
0 0 0
false
textures/yellow1.png
4 5 12
1 1 1
0 0 0
false
textures/yellow1.png
4 6 1
1 1 1
0 0 0
false
textures/red1.png
4 6 2
1 1 1
0 0 0
false
textures/red1.png
4 6 3
1 1 1
0 0 0
false
textures/red1.png
4 6 5
1 1 1
0 0 0
false
textures/yellow1.png
4 6 8
1 1 1
0 0 0
false
textures/yellow1.png
4 7 2
1 1 1
0 0 0
false
textures/red1.png
4 7 4
1 1 1
0 0 0
false
textures/yellow1.png
4 7 5
1 1 1
0 0 0
false
textures/yellow1.png
4 7 7
1 1 1
0 0 0
false
textures/yellow1.png
4 7 8
1 1 1
0 0 0
false
textures/yellow1.png
4 7 10
1 1 1
0 0 0
false
textures/yellow1.png
4 7 12
1 1 1
0 0 0
false
textures/yellow1.png
4 7 13
1 1 1
0 0 0
false
textures/yellow1.png
4 7 14
1 1 1
0 0 0
false
textures/yellow1.png
4 8 0
1 1 1
0 0 0
false
textures/blue1.png
4 8 7
1 1 1
0 0 0
false
textures/yellow1.png
4 8 8
1 1 1
0 0 0
false
textures/yellow1.png
4 8 10
1 1 1
0 0 0
false
textures/yellow1.png
4 8 12
1 1 1
0 0 0
false
textures/yellow1.png
4 8 14
1 1 1
0 0 0
false
textures/yellow1.png
4 9 10
1 1 1
0 0 0
false
textures/yellow1.png
4 9 12
1 1 1
0 0 0
false
textures/yellow1.png
4 9 14
1 1 1
0 0 0
false
textures/yellow1.png
4 10 4
1 1 1
0 0 0
false
textures/moku.jpg
4 10 10
1 1 1
0 0 0
false
textures/yellow1.png
4 10 12
1 1 1
0 0 0
false
textures/yellow1.png
4 10 14
1 1 1
0 0 0
false
textures/yellow1.png
4 11 10
1 1 1
0 0 0
false
textures/yellow1.png
4 11 11
1 1 1
0 0 0
false
textures/yellow1.png
4 11 12
1 1 1
0 0 0
false
textures/yellow1.png
4 11 14
1 1 1
0 0 0
false
textures/yellow1.png
4 13 1
1 1 1
0 0 0
false
textures/getsu.jpg
4 13 7
1 1 1
0 0 0
false
textures/getsu.jpg
4 14 8
1 1 1
0 0 0
false
textures/getsu.jpg
4 14 9
1 1 1
0 0 0
false
textures/getsu.jpg
5 0 0
1 1 1
0 0 0
false
textures/do.jpg
5 0 1
1 1 1
0 0 0
false
textures/do.jpg
5 0 2
1 1 1
0 0 0
false
textures/sui.jpg
5 0 3
1 1 1
0 0 0
false
textures/sui.jpg
5 0 4
1 1 1
0 0 0
false
textures/sui.jpg
5 0 5
1 1 1
0 0 0
false
textures/sui.jpg
5 5 1
1 1 1
0 0 0
false
textures/red1.png
5 5 2
1 1 1
0 0 0
false
textures/red1.png
5 5 3
1 1 1
0 0 0
false
textures/red1.png
5 5 4
1 1 1
0 0 0
false
textures/yellow1.png
5 5 5
1 1 1
0 0 0
false
textures/yellow1.png
5 5 6
1 1 1
0 0 0
false
textures/yellow1.png
5 6 1
1 1 1
0 0 0
false
textures/red1.png
5 6 2
1 1 1
0 0 0
false
textures/red1.png
5 6 3
1 1 1
0 0 0
false
textures/red1.png
5 6 4
1 1 1
0 0 0
false
textures/yellow1.png
5 6 5
1 1 1
0 0 0
false
textures/yellow1.png
5 6 6
1 1 1
0 0 0
false
textures/yellow1.png
5 7 0
1 1 1
0 0 0
false
textures/blue1.png
5 7 1
1 1 1
0 0 0
false
textures/yellow1.png
5 7 2
1 1 1
0 0 0
false
textures/red1.png
5 7 3
1 1 1
0 0 0
false
textures/yellow1.png
5 7 4
1 1 1
0 0 0
false
textures/yellow1.png
5 7 5
1 1 1
0 0 0
false
textures/yellow1.png
5 7 6
1 1 1
0 0 0
false
textures/yellow1.png
5 7 8
1 1 1
0 0 0
false
textures/yellow1.png
5 7 14
1 1 1
0 0 0
false
textures/yellow1.png
5 8 1
1 1 1
0 0 0
false
textures/blue1.png
5 8 2
1 1 1
0 0 0
false
textures/yellow1.png
5 8 3
1 1 1
0 0 0
false
textures/yellow1.png
5 8 4
1 1 1
0 0 0
false
textures/yellow1.png
5 8 5
1 1 1
0 0 0
false
textures/yellow1.png
5 9 1
1 1 1
0 0 0
false
textures/blue1.png
5 9 2
1 1 1
0 0 0
false
textures/ka.jpg
5 10 0
1 1 1
0 0 0
false
textures/blue1.png
5 10 4
1 1 1
0 0 0
false
textures/sui.jpg
5 10 10
1 1 1
0 0 0
false
textures/yellow1.png
5 11 10
1 1 1
0 0 0
false
textures/yellow1.png
5 11 12
1 1 1
0 0 0
false
textures/yellow1.png
5 11 14
1 1 1
0 0 0
false
textures/yellow1.png
5 12 8
1 1 1
0 0 0
false
textures/getsu.jpg
5 13 7
1 1 1
0 0 0
false
textures/getsu.jpg
5 13 8
1 1 1
0 0 0
false
textures/getsu.jpg
5 14 8
1 1 1
0 0 0
false
textures/getsu.jpg
6 0 0
1 1 1
0 0 0
false
textures/do.jpg
6 0 1
1 1 1
0 0 0
false
textures/sui.jpg
6 0 2
1 1 1
0 0 0
false
textures/sui.jpg
6 0 3
1 1 1
0 0 0
false
textures/sui.jpg
6 0 4
1 1 1
0 0 0
false
textures/sui.jpg
6 0 5
1 1 1
0 0 0
false
textures/sui.jpg
6 4 2
1 1 1
0 0 0
false
textures/red1.png
6 5 2
1 1 1
0 0 0
false
textures/red1.png
6 5 3
1 1 1
0 0 0
false
textures/red1.png
6 5 5
1 1 1
0 0 0
false
textures/yellow1.png
6 6 1
1 1 1
0 0 0
false
textures/red1.png
6 6 2
1 1 1
0 0 0
false
textures/red1.png
6 6 3
1 1 1
0 0 0
false
textures/red1.png
6 6 4
1 1 1
0 0 0
false
textures/yellow1.png
6 6 5
1 1 1
0 0 0
false
textures/yellow1.png
6 7 1
1 1 1
0 0 0
false
textures/yellow1.png
6 7 2
1 1 1
0 0 0
false
textures/red1.png
6 7 3
1 1 1
0 0 0
false
textures/yellow1.png
6 7 4
1 1 1
0 0 0
false
textures/yellow1.png
6 7 5
1 1 1
0 0 0
false
textures/yellow1.png
6 7 14
1 1 1
0 0 0
false
textures/yellow1.png
6 8 2
1 1 1
0 0 0
false
textures/yellow1.png
6 8 3
1 1 1
0 0 0
false
textures/yellow1.png
6 8 4
1 1 1
0 0 0
false
textures/yellow1.png
6 8 10
1 1 1
0 0 0
false
textures/blue2.png
6 8 11
1 1 1
0 0 0
false
textures/blue2.png
6 8 12
1 1 1
0 0 0
false
textures/blue2.png
6 9 0
1 1 1
0 0 0
false
textures/blue1.png
6 9 1
1 1 1
0 0 0
false
textures/blue1.png
6 9 3
1 1 1
0 0 0
false
textures/yellow1.png
6 9 4
1 1 1
0 0 0
false
textures/do.jpg
6 9 11
1 1 1
0 0 0
false
textures/blue2.png
6 10 0
1 1 1
0 0 0
false
textures/blue1.png
6 10 1
1 1 1
0 0 0
false
textures/blue1.png
6 11 0
1 1 1
0 0 0
false
textures/blue1.png
6 11 6
1 1 1
0 0 0
false
textures/nichi.jpg
6 11 10
1 1 1
0 0 0
false
textures/yellow1.png
6 11 12
1 1 1
0 0 0
false
textures/yellow1.png
6 11 14
1 1 1
0 0 0
false
textures/yellow1.png
6 13 8
1 1 1
0 0 0
false
textures/getsu.jpg
6 14 1
1 1 1
0 0 0
false
textures/getsu.jpg
6 14 2
1 1 1
0 0 0
false
textures/moku.jpg
7 0 0
1 1 1
0 0 0
false
textures/do.jpg
7 0 1
1 1 1
0 0 0
false
textures/sui.jpg
7 0 2
1 1 1
0 0 0
false
textures/sui.jpg
7 0 3
1 1 1
0 0 0
false
textures/sui.jpg
7 0 4
1 1 1
0 0 0
false
textures/sui.jpg
7 0 5
1 1 1
0 0 0
false
textures/sui.jpg
7 3 3
1 1 1
0 0 0
false
textures/red2.png
7 4 3
1 1 1
0 0 0
false
textures/red2.png
7 5 1
1 1 1
0 0 0
false
textures/red1.png
7 5 2
1 1 1
0 0 0
false
textures/red1.png
7 6 2
1 1 1
0 0 0
false
textures/red1.png
7 6 3
1 1 1
0 0 0
false
textures/moku.jpg
7 7 1
1 1 1
0 0 0
false
textures/yellow1.png
7 7 2
1 1 1
0 0 0
false
textures/yellow1.png
7 7 3
1 1 1
0 0 0
false
textures/yellow1.png
7 7 4
1 1 1
0 0 0
false
textures/yellow1.png
7 7 14
1 1 1
0 0 0
false
textures/yellow1.png
7 8 1
1 1 1
0 0 0
false
textures/getsu.jpg
7 8 2
1 1 1
0 0 0
false
textures/yellow1.png
7 8 3
1 1 1
0 0 0
false
textures/yellow1.png
7 8 10
1 1 1
0 0 0
false
textures/blue2.png
7 8 11
1 1 1
0 0 0
false
textures/blue2.png
7 8 12
1 1 1
0 0 0
false
textures/blue2.png
7 9 0
1 1 1
0 0 0
false
textures/blue1.png
7 9 11
1 1 1
0 0 0
false
textures/blue2.png
7 10 0
1 1 1
0 0 0
false
textures/blue1.png
7 10 3
1 1 1
0 0 0
false
textures/moku.jpg
7 11 10
1 1 1
0 0 0
false
textures/yellow1.png
7 11 12
1 1 1
0 0 0
false
textures/yellow1.png
7 11 14
1 1 1
0 0 0
false
textures/yellow1.png
7 14 4
1 1 1
0 0 0
false
textures/sui.jpg
8 0 0
1 1 1
0 0 0
false
textures/do.jpg
8 0 1
1 1 1
0 0 0
false
textures/sui.jpg
8 0 2
1 1 1
0 0 0
false
textures/sui.jpg
8 0 3
1 1 1
0 0 0
false
textures/sui.jpg
8 0 4
1 1 1
0 0 0
false
textures/sui.jpg
8 0 5
1 1 1
0 0 0
false
textures/sui.jpg
8 2 3
1 1 1
0 0 0
false
textures/red2.png
8 2 4
1 1 1
0 0 0
false
textures/red2.png
8 2 5
1 1 1
0 0 0
false
textures/red2.png
8 2 6
1 1 1
0 0 0
false
textures/red2.png
8 2 7
1 1 1
0 0 0
false
textures/red2.png
8 3 3
1 1 1
0 0 0
false
textures/red2.png
8 3 4
1 1 1
0 0 0
false
textures/red2.png
8 3 5
1 1 1
0 0 0
false
textures/red2.png
8 3 6
1 1 1
0 0 0
false
textures/red2.png
8 3 7
1 1 1
0 0 0
false
textures/red2.png
8 4 2
1 1 1
0 0 0
false
textures/red2.png
8 4 3
1 1 1
0 0 0
false
textures/red2.png
8 4 4
1 1 1
0 0 0
false
textures/red2.png
8 4 5
1 1 1
0 0 0
false
textures/red2.png
8 4 6
1 1 1
0 0 0
false
textures/red2.png
8 4 7
1 1 1
0 0 0
false
textures/red2.png
8 5 3
1 1 1
0 0 0
false
textures/red2.png
8 7 1
1 1 1
0 0 0
false
textures/getsu.jpg
8 7 2
1 1 1
0 0 0
false
textures/yellow1.png
8 7 4
1 1 1
0 0 0
false
textures/sui.jpg
8 7 14
1 1 1
0 0 0
false
textures/yellow1.png
8 8 1
1 1 1
0 0 0
false
textures/getsu.jpg
8 8 2
1 1 1
0 0 0
false
textures/getsu.jpg
8 8 9
1 1 1
0 0 0
false
textures/blue2.png
8 8 10
1 1 1
0 0 0
false
textures/blue2.png
8 8 11
1 1 1
0 0 0
false
textures/blue2.png
8 8 12
1 1 1
0 0 0
false
textures/blue2.png
8 8 14
1 1 1
0 0 0
false
textures/yellow1.png
8 9 1
1 1 1
0 0 0
false
textures/getsu.jpg
8 9 2
1 1 1
0 0 0
false
textures/yellow1.png
8 9 10
1 1 1
0 0 0
false
textures/blue2.png
8 9 11
1 1 1
0 0 0
false
textures/blue2.png
8 10 14
1 1 1
0 0 0
false
textures/yellow1.png
8 11 10
1 1 1
0 0 0
false
textures/yellow1.png
8 11 12
1 1 1
0 0 0
false
textures/yellow1.png
8 11 14
1 1 1
0 0 0
false
textures/yellow1.png
8 14 2
1 1 1
0 0 0
false
textures/getsu.jpg
9 0 0
1 1 1
0 0 0
false
textures/do.jpg
9 0 1
1 1 1
0 0 0
false
textures/sui.jpg
9 0 2
1 1 1
0 0 0
false
textures/sui.jpg
9 0 3
1 1 1
0 0 0
false
textures/sui.jpg
9 0 4
1 1 1
0 0 0
false
textures/sui.jpg
9 0 5
1 1 1
0 0 0
false
textures/sui.jpg
9 2 4
1 1 1
0 0 0
false
textures/red2.png
9 2 5
1 1 1
0 0 0
false
textures/red2.png
9 2 6
1 1 1
0 0 0
false
textures/red2.png
9 2 7
1 1 1
0 0 0
false
textures/red2.png
9 4 3
1 1 1
0 0 0
false
textures/red2.png
9 4 4
1 1 1
0 0 0
false
textures/red2.png
9 4 5
1 1 1
0 0 0
false
textures/red2.png
9 4 6
1 1 1
0 0 0
false
textures/red2.png
9 4 7
1 1 1
0 0 0
false
textures/red2.png
9 5 4
1 1 1
0 0 0
false
textures/getsu.jpg
9 6 2
1 1 1
0 0 0
false
textures/kin.jpg
9 7 9
1 1 1
0 0 0
false
textures/blue2.png
9 8 1
1 1 1
0 0 0
false
textures/getsu.jpg
9 8 8
1 1 1
0 0 0
false
textures/blue2.png
9 8 9
1 1 1
0 0 0
false
textures/blue2.png
9 8 11
1 1 1
0 0 0
false
textures/blue2.png
9 9 4
1 1 1
0 0 0
false
textures/blue2.png
9 9 8
1 1 1
0 0 0
false
textures/blue2.png
9 9 9
1 1 1
0 0 0
false
textures/blue2.png
9 9 10
1 1 1
0 0 0
false
textures/blue2.png
9 10 8
1 1 1
0 0 0
false
textures/blue2.png
9 10 9
1 1 1
0 0 0
false
textures/blue2.png
9 12 9
1 1 1
0 0 0
false
textures/moku.jpg
9 14 1
1 1 1
0 0 0
false
textures/kin.jpg
10 0 0
1 1 1
0 0 0
false
textures/do.jpg
10 0 1
1 1 1
0 0 0
false
textures/sui.jpg
10 0 2
1 1 1
0 0 0
false
textures/sui.jpg
10 0 3
1 1 1
0 0 0
false
textures/sui.jpg
10 0 4
1 1 1
0 0 0
false
textures/sui.jpg
10 0 5
1 1 1
0 0 0
false
textures/sui.jpg
10 3 3
1 1 1
0 0 0
false
textures/red2.png
10 3 4
1 1 1
0 0 0
false
textures/red2.png
10 3 5
1 1 1
0 0 0
false
textures/red2.png
10 3 6
1 1 1
0 0 0
false
textures/red2.png
10 3 7
1 1 1
0 0 0
false
textures/red2.png
10 3 8
1 1 1
0 0 0
false
textures/red2.png
10 3 9
1 1 1
0 0 0
false
textures/red2.png
10 5 9
1 1 1
0 0 0
false
textures/do.jpg
10 6 2
1 1 1
0 0 0
false
textures/blue1.png
10 7 9
1 1 1
0 0 0
false
textures/blue2.png
10 8 2
1 1 1
0 0 0
false
textures/sui.jpg
10 8 3
1 1 1
0 0 0
false
textures/blue2.png
10 8 8
1 1 1
0 0 0
false
textures/blue2.png
10 8 9
1 1 1
0 0 0
false
textures/blue2.png
10 8 10
1 1 1
0 0 0
false
textures/blue2.png
10 9 2
1 1 1
0 0 0
false
textures/blue2.png
10 9 3
1 1 1
0 0 0
false
textures/blue2.png
10 9 4
1 1 1
0 0 0
false
textures/blue2.png
10 9 5
1 1 1
0 0 0
false
textures/blue2.png
10 9 6
1 1 1
0 0 0
false
textures/blue2.png
10 9 7
1 1 1
0 0 0
false
textures/blue2.png
10 9 8
1 1 1
0 0 0
false
textures/blue2.png
10 9 9
1 1 1
0 0 0
false
textures/blue2.png
10 9 10
1 1 1
0 0 0
false
textures/blue2.png
10 10 3
1 1 1
0 0 0
false
textures/blue2.png
10 10 4
1 1 1
0 0 0
false
textures/blue2.png
10 10 6
1 1 1
0 0 0
false
textures/blue2.png
10 10 7
1 1 1
0 0 0
false
textures/blue2.png
10 10 8
1 1 1
0 0 0
false
textures/blue2.png
10 10 9
1 1 1
0 0 0
false
textures/blue2.png
10 10 10
1 1 1
0 0 0
false
textures/blue2.png
10 11 2
1 1 1
0 0 0
false
textures/moku.jpg
10 11 8
1 1 1
0 0 0
false
textures/blue2.png
10 11 9
1 1 1
0 0 0
false
textures/blue2.png
10 13 0
1 1 1
0 0 0
false
textures/nichi.jpg
11 0 0
1 1 1
0 0 0
false
textures/do.jpg
11 0 1
1 1 1
0 0 0
false
textures/sui.jpg
11 0 2
1 1 1
0 0 0
false
textures/sui.jpg
11 0 3
1 1 1
0 0 0
false
textures/sui.jpg
11 0 4
1 1 1
0 0 0
false
textures/sui.jpg
11 0 5
1 1 1
0 0 0
false
textures/sui.jpg
11 7 3
1 1 1
0 0 0
false
textures/blue1.png
11 8 4
1 1 1
0 0 0
false
textures/blue2.png
11 8 5
1 1 1
0 0 0
false
textures/blue2.png
11 8 6
1 1 1
0 0 0
false
textures/blue2.png
11 8 7
1 1 1
0 0 0
false
textures/blue2.png
11 8 8
1 1 1
0 0 0
false
textures/blue2.png
11 8 9
1 1 1
0 0 0
false
textures/blue2.png
11 8 13
1 1 1
0 0 0
false
textures/moku.jpg
11 9 3
1 1 1
0 0 0
false
textures/blue2.png
11 9 4
1 1 1
0 0 0
false
textures/blue2.png
11 9 5
1 1 1
0 0 0
false
textures/blue2.png
11 9 6
1 1 1
0 0 0
false
textures/blue2.png
11 9 7
1 1 1
0 0 0
false
textures/blue2.png
11 9 8
1 1 1
0 0 0
false
textures/blue2.png
11 9 9
1 1 1
0 0 0
false
textures/blue2.png
11 10 4
1 1 1
0 0 0
false
textures/blue2.png
11 10 5
1 1 1
0 0 0
false
textures/blue2.png
11 10 6
1 1 1
0 0 0
false
textures/blue2.png
11 10 7
1 1 1
0 0 0
false
textures/blue2.png
11 10 8
1 1 1
0 0 0
false
textures/blue2.png
11 10 9
1 1 1
0 0 0
false
textures/blue2.png
11 11 6
1 1 1
0 0 0
false
textures/blue2.png
11 12 1
1 1 1
0 0 0
false
textures/ka.jpg
11 14 2
1 1 1
0 0 0
false
textures/ka.jpg
12 0 0
1 1 1
0 0 0
false
textures/do.jpg
12 0 1
1 1 1
0 0 0
false
textures/do.jpg
12 0 2
1 1 1
0 0 0
false
textures/sui.jpg
12 0 3
1 1 1
0 0 0
false
textures/sui.jpg
12 0 4
1 1 1
0 0 0
false
textures/sui.jpg
12 0 5
1 1 1
0 0 0
false
textures/sui.jpg
12 3 5
1 1 1
0 0 0
false
textures/kin.jpg
12 8 2
1 1 1
0 0 0
false
textures/yellow2.png
12 9 2
1 1 1
0 0 0
false
textures/moku.jpg
12 9 4
1 1 1
0 0 0
false
textures/blue2.png
12 9 5
1 1 1
0 0 0
false
textures/blue2.png
12 9 6
1 1 1
0 0 0
false
textures/blue2.png
12 9 7
1 1 1
0 0 0
false
textures/blue2.png
12 9 8
1 1 1
0 0 0
false
textures/blue2.png
12 9 9
1 1 1
0 0 0
false
textures/kin.jpg
12 9 12
1 1 1
0 0 0
false
textures/ka.jpg
12 10 1
1 1 1
0 0 0
false
textures/moku.jpg
12 10 2
1 1 1
0 0 0
false
textures/moku.jpg
12 10 3
1 1 1
0 0 0
false
textures/moku.jpg
12 11 2
1 1 1
0 0 0
false
textures/moku.jpg
12 14 0
1 1 1
0 0 0
false
textures/kin.jpg
13 0 0
1 1 1
0 0 0
false
textures/do.jpg
13 0 1
1 1 1
0 0 0
false
textures/do.jpg
13 0 2
1 1 1
0 0 0
false
textures/sui.jpg
13 0 3
1 1 1
0 0 0
false
textures/sui.jpg
13 0 4
1 1 1
0 0 0
false
textures/sui.jpg
13 2 8
1 1 1
0 0 0
false
textures/moku.jpg
13 3 12
1 1 1
0 0 0
false
textures/ka.jpg
13 6 4
1 1 1
0 0 0
false
textures/ka.jpg
13 7 1
4 4 4
0 0 0
true
wyos.png
13 9 4
1 1 1
0 0 0
false
textures/ka.jpg
13 10 2
1 1 1
0 0 0
false
textures/moku.jpg
13 11 4
1 1 1
0 0 0
false
textures/getsu.jpg
13 11 5
1 1 1
0 0 0
false
textures/nichi.jpg
14 0 0
1 1 1
0 0 0
false
textures/do.jpg
14 0 1
1 1 1
0 0 0
false
textures/sui.jpg
14 0 2
1 1 1
0 0 0
false
textures/sui.jpg
14 0 3
1 1 1
0 0 0
false
textures/sui.jpg
14 0 4
1 1 1
0 0 0
false
textures/sui.jpg
14 2 4
1 1 1
0 0 0
false
textures/nichi.jpg
14 4 4
1 1 1
0 0 0
false
textures/getsu.jpg
14 5 2
1 1 1
0 0 0
false
textures/kin.jpg
14 5 4
1 1 1
0 0 0
false
textures/sui.jpg
14 9 0
1 1 1
0 0 0
false
textures/nichi.jpg
14 9 1
1 1 1
0 0 0
false
textures/nichi.jpg
14 11 1
1 1 1
0 0 0
false
textures/ka.jpg
14 11 3
1 1 1
0 0 0
false
textures/kin.jpg
14 11 4
1 1 1
0 0 0
false
textures/getsu.jpg
14 12 0
1 1 1
0 0 0
false
textures/getsu.jpg
14 12 1
1 1 1
0 0 0
false
textures/kin.jpg
14 12 4
1 1 1
0 0 0
false
textures/sui.jpg
14 13 0
1 1 1
0 0 0
false
textures/nichi.jpg
